<?xml version="1.0" encoding="UTF-8"?>
<TestRun id="3367b970-4de3-4d25-a7f5-00f7e106be47" name="Admin@KARENTRACYMACHI 2012-10-19 12:40:33" runUser="KARENTRACYMACHI\Admin" xmlns="http://microsoft.com/schemas/VisualStudio/TeamTest/2010">
  <TestSettings name="Local" id="8e0e5cd3-0c4c-4761-8b83-04fd54ece4f9">
    <Description>These are default test settings for a local test run.</Description>
    <Deployment enabled="false" runDeploymentRoot="Admin_KARENTRACYMACHI 2012-10-19 12_40_33" />
    <Execution>
      <TestTypeSpecific />
      <AgentRule name="Execution Agents">
      </AgentRule>
    </Execution>
  </TestSettings>
  <Times creation="2012-10-19T12:40:33.2187500-04:00" queuing="2012-10-19T12:40:35.8906250-04:00" start="2012-10-19T12:40:36.1250000-04:00" finish="2012-10-19T12:40:36.7656250-04:00" />
  <ResultSummary outcome="Completed">
    <Counters total="1" executed="1" passed="1" error="0" failed="0" timeout="0" aborted="0" inconclusive="0" passedButRunAborted="0" notRunnable="0" notExecuted="0" disconnected="0" warning="0" completed="0" inProgress="0" pending="0" />
  </ResultSummary>
  <TestDefinitions>
    <UnitTest name="TestMethod1" storage="c:\projects\orderloader\orderloadertest\bin\debug\orderloadertest.dll" id="13dc4ab8-055c-3371-84d5-bdb0423f0f67">
      <Execution id="8a4c7ead-e153-4f92-870a-4ca97d749145" />
      <TestMethod codeBase="C:/Projects/OrderLoader/OrderLoaderTest/bin/Debug/OrderLoaderTest.DLL" adapterTypeName="Microsoft.VisualStudio.TestTools.TestTypes.Unit.UnitTestAdapter, Microsoft.VisualStudio.QualityTools.Tips.UnitTest.Adapter, Version=10.0.0.0, Culture=neutral, PublicKeyToken=b03f5f7f11d50a3a" className="OrderLoaderTest.UnitTest1, OrderLoaderTest, Version=1.0.0.0, Culture=neutral, PublicKeyToken=null" name="TestMethod1" />
    </UnitTest>
  </TestDefinitions>
  <TestLists>
    <TestList name="Results Not in a List" id="8c84fa94-04c1-424b-9868-57a2d4851a1d" />
    <TestList name="All Loaded Results" id="19431567-8539-422a-85d7-44ee4e166bda" />
  </TestLists>
  <TestEntries>
    <TestEntry testId="13dc4ab8-055c-3371-84d5-bdb0423f0f67" executionId="8a4c7ead-e153-4f92-870a-4ca97d749145" testListId="8c84fa94-04c1-424b-9868-57a2d4851a1d" />
  </TestEntries>
  <Results>
    <UnitTestResult executionId="8a4c7ead-e153-4f92-870a-4ca97d749145" testId="13dc4ab8-055c-3371-84d5-bdb0423f0f67" testName="TestMethod1" computerName="KARENTRACYMACHI" duration="00:00:00.0276160" startTime="2012-10-19T12:40:36.1875000-04:00" endTime="2012-10-19T12:40:36.7343750-04:00" testType="13cdc9d9-ddb5-4fa4-a97d-d965ccfc6d4b" outcome="Passed" testListId="8c84fa94-04c1-424b-9868-57a2d4851a1d" relativeResultsDirectory="8a4c7ead-e153-4f92-870a-4ca97d749145">
    </UnitTestResult>
  </Results>
</TestRun>